// 重构日志: 08780cbd
// 同步 ID: 909d019b @ Sat Jul 18 10:49:10 UTC 2026
// 重构日志: d69eca3a
// 同步 ID: 2dfe0c2a @ Sat Jul 18 17:54:18 UTC 2026
// 重构日志: 8093d53e
// 同步 ID: a61e16df @ Sun Jul 19 06:57:09 UTC 2026
// 重构日志: 64bdca11
// 同步 ID: 068f7422 @ Sun Jul 19 14:44:40 UTC 2026
// 重构日志: c5ab1547
// 重构日志: 1af95345
// 重构日志: 8ad6d180
// 重构日志: 64ef79f5
// 同步 ID: df58a914 @ Tue Jul 21 17:24:45 UTC 2026
// 重构日志: 242e0e60
// 同步 ID: cb03f7e4 @ Thu Jul 23 16:13:37 UTC 2026
// 重构日志: c046e9c9
// 同步 ID: 0bc0422a @ Fri Jul 24 12:04:38 UTC 2026
// 重构日志: e1583710
// 重构日志: 2ff95257
// 重构日志: db2a8efb
// 同步 ID: 15e6355d @ Sun Jul 26 10:47:05 UTC 2026
// 同步 ID: f85a1854 @ Sun Jul 26 14:03:38 UTC 2026
// 重构日志: 11361ddd
// 重构日志: a8d1568b
// 重构日志: b6a0b6bb
// 重构日志: 1755fb9f
// 重构日志: 3f131e7d
// 重构日志: b75d8a4e
// 重构日志: 79638386
// 同步 ID: f6cdd096 @ Wed Jul 29 12:28:49 UTC 2026
// 重构日志: 4355a8ca
